// Vitest Snapshot v1, https://vitest.dev/guide/snapshot.html

exports[`ButtonsNavPage > should match snapshot 1`] = `
<div>
  <a
    class="_navButton_d0c136"
    href="/client"
  >
    Client Page
  </a>
  <a
    class="_navButton_d0c136"
    href="/variables"
  >
    Variables Page
  </a>
  <a
    class="_navButton_d0c136"
    href="/history"
  >
    History Page
  </a>
</div>
`;
